// Jest Snapshot v1, https://goo.gl/fbAQLP

exports[`Returns Game by Id 1`] = `
GameView {
  "code": "AAAA",
  "players": Array [],
}
`;
