// Jest Snapshot v1, https://goo.gl/fbAQLP

exports[`Creates Game 1`] = `
GameView {
  "code": "AAAA",
  "players": Array [
    Object {
      "id": 1,
      "name": "YOU",
      "role": "Narrator",
      "session": "",
    },
  ],
}
`;
